########## Setting Up Your GitHub Repository from Git Bash Using Local Docx ##############

eadob@MSI MINGW64 ~
$ cd Desktop/"GAP - Program"/"2. Data Science"/

eadob@MSI MINGW64 ~/Desktop/GAP - Program/2. Data Science
$ git init
Initialized empty Git repository in C:/Users/eadob/Desktop/GAP - Program/2. Data Science/.git/

eadob@MSI MINGW64 ~/Desktop/GAP - Program/2. Data Science (master)
$ git add .
warning: LF will be replaced by CRLF in HWKs/HW1/.ipynb_checkpoints/HW1_Q1-checkpoint.ipynb.
The file will have its original line endings in your working directory
warning: LF will be replaced by CRLF in HWKs/HW1/.ipynb_checkpoints/HW1_Q2-checkpoint.ipynb.
The file will have its original line endings in your working directory
warning: LF will be replaced by CRLF in HWKs/HW1/.ipynb_checkpoints/HW1_Q3-checkpoint.ipynb.
The file will have its original line endings in your working directory
warning: LF will be replaced by CRLF in HWKs/HW1/.ipynb_checkpoints/HW1_Q4-checkpoint.ipynb.
The file will have its original line endings in your working directory
warning: LF will be replaced by CRLF in HWKs/HW1/.ipynb_checkpoints/HW1_Q5-checkpoint.ipynb.
The file will have its original line endings in your working directory
warning: LF will be replaced by CRLF in HWKs/HW1/.ipynb_checkpoints/HW1_Solutions-checkpoint.ipynb.
The file will have its original line endings in your working directory
warning: LF will be replaced by CRLF in HWKs/HW1/HW1_Q1.ipynb.
The file will have its original line endings in your working directory
warning: LF will be replaced by CRLF in HWKs/HW1/HW1_Q2.ipynb.
The file will have its original line endings in your working directory
warning: LF will be replaced by CRLF in HWKs/HW1/HW1_Q3.ipynb.
The file will have its original line endings in your working directory
warning: LF will be replaced by CRLF in HWKs/HW1/HW1_Q4.ipynb.
The file will have its original line endings in your working directory
warning: LF will be replaced by CRLF in HWKs/HW1/HW1_Q5.ipynb.
The file will have its original line endings in your working directory
warning: LF will be replaced by CRLF in HWKs/HW1/HW1_Solutions.ipynb.
The file will have its original line endings in your working directory
warning: LF will be replaced by CRLF in HWKs/HW2/.ipynb_checkpoints/HW2_Solution-checkpoint.ipynb.
The file will have its original line endings in your working directory
warning: LF will be replaced by CRLF in HWKs/HW2/.ipynb_checkpoints/HW2_Solution_2-checkpoint.ipynb.
The file will have its original line endings in your working directory
warning: LF will be replaced by CRLF in HWKs/HW2/HW2_Solution.ipynb.
The file will have its original line endings in your working directory
warning: LF will be replaced by CRLF in MODULE_1-Intro_to_Python/.ipynb_checkpoints/NOTES_Week_1_Cls_2-checkpoint.ipynb.
The file will have its original line endings in your working directory
warning: LF will be replaced by CRLF in MODULE_1-Intro_to_Python/NOTES_Week_1_Cls_1.ipynb.
The file will have its original line endings in your working directory
warning: LF will be replaced by CRLF in MODULE_2-Python_Data_Structures/NOTES_Week_1_Cls_2.ipynb.
The file will have its original line endings in your working directory

eadob@MSI MINGW64 ~/Desktop/GAP - Program/2. Data Science (master)
$ git commit -m "First commit"

*** Please tell me who you are.

Run

  git config --global user.email "you@example.com"
  git config --global user.name "Your Name"

to set your account's default identity.
Omit --global to set the identity only in this repository.

fatal: unable to auto-detect email address (got 'eadob@MSI.(none)')

eadob@MSI MINGW64 ~/Desktop/GAP - Program/2. Data Science (master)
$ ^C

eadob@MSI MINGW64 ~/Desktop/GAP - Program/2. Data Science (master)
$ git config --global user.email "eadobolous@gmail.com"

eadob@MSI MINGW64 ~/Desktop/GAP - Program/2. Data Science (master)
$ git config --global user.name "eadadzie"

eadob@MSI MINGW64 ~/Desktop/GAP - Program/2. Data Science (master)
$ git commit -m "First commit"
[master (root-commit) ee37539] First commit
 22 files changed, 2676 insertions(+)
 create mode 100644 Data Science Pre-Course Work - April 2020.pdf
 create mode 100644 Data Science Track Syllabus.pdf
 create mode 100644 HWKs/Github_Intro.txt
 create mode 100644 HWKs/HW1/.ipynb_checkpoints/HW1_Q1-checkpoint.ipynb
 create mode 100644 HWKs/HW1/.ipynb_checkpoints/HW1_Q2-checkpoint.ipynb
 create mode 100644 HWKs/HW1/.ipynb_checkpoints/HW1_Q3-checkpoint.ipynb
 create mode 100644 HWKs/HW1/.ipynb_checkpoints/HW1_Q4-checkpoint.ipynb
 create mode 100644 HWKs/HW1/.ipynb_checkpoints/HW1_Q5-checkpoint.ipynb
 create mode 100644 HWKs/HW1/.ipynb_checkpoints/HW1_Solutions-checkpoint.ipynb
 create mode 100644 HWKs/HW1/HW1_Q1.ipynb
 create mode 100644 HWKs/HW1/HW1_Q2.ipynb
 create mode 100644 HWKs/HW1/HW1_Q3.ipynb
 create mode 100644 HWKs/HW1/HW1_Q4.ipynb
 create mode 100644 HWKs/HW1/HW1_Q5.ipynb
 create mode 100644 HWKs/HW1/HW1_Solutions.ipynb
 create mode 100644 HWKs/HW2/.ipynb_checkpoints/HW2_Solution-checkpoint.ipynb
 create mode 100644 HWKs/HW2/.ipynb_checkpoints/HW2_Solution_2-checkpoint.ipynb
 create mode 100644 HWKs/HW2/HW2_Solution.ipynb
 create mode 100644 MODULE_1-Intro_to_Python/.ipynb_checkpoints/NOTES_Week_1_Cls_2-checkpoint.ipynb
 create mode 100644 MODULE_1-Intro_to_Python/NOTES_Week_1_Cls_1.ipynb
 create mode 100644 MODULE_1-Intro_to_Python/test.py
 create mode 100644 MODULE_2-Python_Data_Structures/NOTES_Week_1_Cls_2.ipynb

eadob@MSI MINGW64 ~/Desktop/GAP - Program/2. Data Science (master)
$ git remote add origin https://github.com/eadadzie/Tech_Talent_South_-TTS-.git

eadob@MSI MINGW64 ~/Desktop/GAP - Program/2. Data Science (master)
$ git remote -v
origin  https://github.com/eadadzie/Tech_Talent_South_-TTS-.git (fetch)
origin  https://github.com/eadadzie/Tech_Talent_South_-TTS-.git (push)

eadob@MSI MINGW64 ~/Desktop/GAP - Program/2. Data Science (master)
$ git push origin master
Enumerating objects: 24, done.
Counting objects: 100% (24/24), done.
Delta compression using up to 12 threads
Compressing objects: 100% (24/24), done.
Writing objects: 100% (24/24), 201.19 KiB | 22.35 MiB/s, done.
Total 24 (delta 9), reused 0 (delta 0), pack-reused 0
remote: Resolving deltas: 100% (9/9), done.
To https://github.com/eadadzie/Tech_Talent_South_-TTS-.git
 * [new branch]      master -> master

eadob@MSI MINGW64 ~/Desktop/GAP - Program/2. Data Science (master)
$ git push origin master
Everything up-to-date

eadob@MSI MINGW64 ~/Desktop/GAP - Program/2. Data Science (master)
$



################ Changing the URL for Remote Repository ######################


eadob@MSI MINGW64 ~
$ cd Desktop/"GAP - Program"/"2. Data Science"/

eadob@MSI MINGW64 ~/Desktop/GAP - Program/2. Data Science (master)
$ git remote -v
origin  https://github.com/eadadzie/Tech_Talent_South_-TTS-.git (fetch)
origin  https://github.com/eadadzie/Tech_Talent_South_-TTS-.git (push)

eadob@MSI MINGW64 ~/Desktop/GAP - Program/2. Data Science (master)
$ git remote set-url origin https://github.com/eadadzie/Tech_Talent_South-Data_Science.git

eadob@MSI MINGW64 ~/Desktop/GAP - Program/2. Data Science (master)
$ git remote -v
origin  https://github.com/eadadzie/Tech_Talent_South-Data_Science.git (fetch)
origin  https://github.com/eadadzie/Tech_Talent_South-Data_Science.git (push)

eadob@MSI MINGW64 ~/Desktop/GAP - Program/2. Data Science (master)
$ git push origin master
Enumerating objects: 30, done.
Counting objects: 100% (30/30), done.
Delta compression using up to 12 threads
Compressing objects: 100% (30/30), done.
Writing objects: 100% (30/30), 202.75 KiB | 20.27 MiB/s, done.
Total 30 (delta 11), reused 0 (delta 0), pack-reused 0
remote: Resolving deltas: 100% (11/11), done.
To https://github.com/eadadzie/Tech_Talent_South-Data_Science.git
 * [new branch]      master -> master

eadob@MSI MINGW64 ~/Desktop/GAP - Program/2. Data Science (master)
$




################## Adding  and Removing Files ####################

eadob@MSI MINGW64 ~
$ cd Desktop/"GAP - Program"/"2. Data Science"/

eadob@MSI MINGW64 ~/Desktop/GAP - Program/2. Data Science (master)
$ git add "Path_Origin_Master.txt"
fatal: Unable to create 'C:/Users/eadob/Desktop/GAP - Program/2. Data Science/.git/index.lock': File exists.

Another git process seems to be running in this repository, e.g.
an editor opened by 'git commit'. Please make sure all processes
are terminated then try again. If it still fails, a git process
may have crashed in this repository earlier:
remove the file manually to continue.

eadob@MSI MINGW64 ~/Desktop/GAP - Program/2. Data Science (master)
$ git origin master
git: 'origin' is not a git command. See 'git --help'.

eadob@MSI MINGW64 ~/Desktop/GAP - Program/2. Data Science (master)
$ git --help
usage: git [--version] [--help] [-C <path>] [-c <name>=<value>]
           [--exec-path[=<path>]] [--html-path] [--man-path] [--info-path]
           [-p | --paginate | -P | --no-pager] [--no-replace-objects] [--bare]
           [--git-dir=<path>] [--work-tree=<path>] [--namespace=<name>]
           <command> [<args>]

These are common Git commands used in various situations:

start a working area (see also: git help tutorial)
   clone             Clone a repository into a new directory
   init              Create an empty Git repository or reinitialize an existing one

work on the current change (see also: git help everyday)
   add               Add file contents to the index
   mv                Move or rename a file, a directory, or a symlink
   restore           Restore working tree files
   rm                Remove files from the working tree and from the index
   sparse-checkout   Initialize and modify the sparse-checkout

examine the history and state (see also: git help revisions)
   bisect            Use binary search to find the commit that introduced a bug
   diff              Show changes between commits, commit and working tree, etc
   grep              Print lines matching a pattern
   log               Show commit logs
   show              Show various types of objects
   status            Show the working tree status

grow, mark and tweak your common history
   branch            List, create, or delete branches
   commit            Record changes to the repository
   merge             Join two or more development histories together
   rebase            Reapply commits on top of another base tip
   reset             Reset current HEAD to the specified state
   switch            Switch branches
   tag               Create, list, delete or verify a tag object signed with GPG

collaborate (see also: git help workflows)
   fetch             Download objects and refs from another repository
   pull              Fetch from and integrate with another repository or a local branch
   push              Update remote refs along with associated objects

'git help -a' and 'git help -g' list available subcommands and some
concept guides. See 'git help <command>' or 'git help <concept>'
to read about a specific subcommand or concept.
See 'git help git' for an overview of the system.

eadob@MSI MINGW64 ~/Desktop/GAP - Program/2. Data Science (master)
$ git restore
fatal: you must specify path(s) to restore

eadob@MSI MINGW64 ~/Desktop/GAP - Program/2. Data Science (master)
$ ^C

eadob@MSI MINGW64 ~/Desktop/GAP - Program/2. Data Science (master)
$ rm -f .git/index.lock

eadob@MSI MINGW64 ~/Desktop/GAP - Program/2. Data Science (master)
$ ps
      PID    PPID    PGID     WINPID   TTY         UID    STIME COMMAND
      172     108     172      16648  pty0      197609 17:40:10 /usr/bin/ps
      107       1     107      18052  ?         197609 17:33:19 /usr/bin/mintty
      108     107     108       9080  pty0      197609 17:33:19 /usr/bin/bash

eadob@MSI MINGW64 ~/Desktop/GAP - Program/2. Data Science (master)
$ git add "Path_Origin_Master.txt"

eadob@MSI MINGW64 ~/Desktop/GAP - Program/2. Data Science (master)
$ git commit "New file added"
error: pathspec 'New file added' did not match any file(s) known to git

eadob@MSI MINGW64 ~/Desktop/GAP - Program/2. Data Science (master)
$ git commit git "Path_Origin_Master.txt"
error: pathspec 'git' did not match any file(s) known to git

eadob@MSI MINGW64 ~/Desktop/GAP - Program/2. Data Science (master)
$ git commit "Path_Origin_Master.txt"
hint: Waiting for your editor to close the file... error: There was a problem with the editor 'vi'.
Please supply the message using either -m or -F option.

eadob@MSI MINGW64 ~/Desktop/GAP - Program/2. Data Science (master)
$ git push origin master
To https://github.com/eadadzie/Tech_Talent_South-Data_Science.git
 ! [rejected]        master -> master (non-fast-forward)
error: failed to push some refs to 'https://github.com/eadadzie/Tech_Talent_South-Data_Science.git'
hint: Updates were rejected because the tip of your current branch is behind
hint: its remote counterpart. Integrate the remote changes (e.g.
hint: 'git pull ...') before pushing again.
hint: See the 'Note about fast-forwards' in 'git push --help' for details.

eadob@MSI MINGW64 ~/Desktop/GAP - Program/2. Data Science (master)
$ git pull origin master
From https://github.com/eadadzie/Tech_Talent_South-Data_Science
 * branch            master     -> FETCH_HEAD
Updating a8a6780..62188db
Fast-forward
 Classes Links.docx | Bin 14495 -> 0 bytes
 1 file changed, 0 insertions(+), 0 deletions(-)
 delete mode 100644 Classes Links.docx

eadob@MSI MINGW64 ~/Desktop/GAP - Program/2. Data Science (master)
$ git push origin master
Everything up-to-date

eadob@MSI MINGW64 ~/Desktop/GAP - Program/2. Data Science (master)
$ git add "Path_Origin_Master.txt"

eadob@MSI MINGW64 ~/Desktop/GAP - Program/2. Data Science (master)
$ git commit -m "New file"
[master 69d5589] New file
 1 file changed, 1 insertion(+)
 create mode 100644 Path_Origin_Master.txt

eadob@MSI MINGW64 ~/Desktop/GAP - Program/2. Data Science (master)
$ git push origin master
Enumerating objects: 4, done.
Counting objects: 100% (4/4), done.
Delta compression using up to 12 threads
Compressing objects: 100% (2/2), done.
Writing objects: 100% (3/3), 325 bytes | 325.00 KiB/s, done.
Total 3 (delta 1), reused 0 (delta 0), pack-reused 0
remote: Resolving deltas: 100% (1/1), completed with 1 local object.
To https://github.com/eadadzie/Tech_Talent_South-Data_Science.git
   62188db..69d5589  master -> master

eadob@MSI MINGW64 ~/Desktop/GAP - Program/2. Data Science (master)
$ rm ^C

eadob@MSI MINGW64 ~/Desktop/GAP - Program/2. Data Science (master)
$ git rm "Path_Origin_Master.txt"
rm 'Path_Origin_Master.txt'

eadob@MSI MINGW64 ~/Desktop/GAP - Program/2. Data Science (master)
$ git commit
hint: Waiting for your editor to close the file... error: There was a problem with the editor 'vi'.
Please supply the message using either -m or -F option.

eadob@MSI MINGW64 ~/Desktop/GAP - Program/2. Data Science (master)
$ rm "Path_Origin_Master.txt"
rm: cannot remove 'Path_Origin_Master.txt': No such file or directory

eadob@MSI MINGW64 ~/Desktop/GAP - Program/2. Data Science (master)
$ git pull origin master
From https://github.com/eadadzie/Tech_Talent_South-Data_Science
 * branch            master     -> FETCH_HEAD
Already up to date.

eadob@MSI MINGW64 ~/Desktop/GAP - Program/2. Data Science (master)
$ git push origin master
Everything up-to-date

eadob@MSI MINGW64 ~/Desktop/GAP - Program/2. Data Science (master)
$ git commit
hint: Waiting for your editor to close the file... error: There was a problem with the editor 'vi'.
Please supply the message using either -m or -F option.

eadob@MSI MINGW64 ~/Desktop/GAP - Program/2. Data Science (master)
$ git commit -m "Removed"
[master f7bf6b5] Removed
 1 file changed, 1 deletion(-)
 delete mode 100644 Path_Origin_Master.txt

eadob@MSI MINGW64 ~/Desktop/GAP - Program/2. Data Science (master)
$ git push origin master
Enumerating objects: 3, done.
Counting objects: 100% (3/3), done.
Delta compression using up to 12 threads
Compressing objects: 100% (2/2), done.
Writing objects: 100% (2/2), 222 bytes | 222.00 KiB/s, done.
Total 2 (delta 1), reused 0 (delta 0), pack-reused 0
remote: Resolving deltas: 100% (1/1), completed with 1 local object.
To https://github.com/eadadzie/Tech_Talent_South-Data_Science.git
   69d5589..f7bf6b5  master -> master

eadob@MSI MINGW64 ~/Desktop/GAP - Program/2. Data Science (master)
$




######################## NEW ADDITIONS MADE #################################

eadob@MSI MINGW64 ~
$ cd Desktop/"GAP - Program"/"2. Data Science"

eadob@MSI MINGW64 ~/Desktop/GAP - Program/2. Data Science (master)
$ git push origin master
Everything up-to-date

eadob@MSI MINGW64 ~/Desktop/GAP - Program/2. Data Science (master)
$ git pull origin master
From https://github.com/eadadzie/Tech_Talent_South-Data_Science
 * branch            master     -> FETCH_HEAD
Already up to date.

eadob@MSI MINGW64 ~/Desktop/GAP - Program/2. Data Science (master)
$ git push origin master
Everything up-to-date

eadob@MSI MINGW64 ~/Desktop/GAP - Program/2. Data Science (master)
$ git add Path_Origin_Master.txt

eadob@MSI MINGW64 ~/Desktop/GAP - Program/2. Data Science (master)
$ git commit -m "New file"
[master 6c18faf] New file
 1 file changed, 1 insertion(+)
 create mode 100644 Path_Origin_Master.txt

eadob@MSI MINGW64 ~/Desktop/GAP - Program/2. Data Science (master)
$ git push origin master
Enumerating objects: 4, done.
Counting objects: 100% (4/4), done.
Delta compression using up to 12 threads
Compressing objects: 100% (2/2), done.
Writing objects: 100% (3/3), 324 bytes | 324.00 KiB/s, done.
Total 3 (delta 1), reused 0 (delta 0), pack-reused 0
remote: Resolving deltas: 100% (1/1), completed with 1 local object.
To https://github.com/eadadzie/Tech_Talent_South-Data_Science.git
   f7bf6b5..6c18faf  master -> master

eadob@MSI MINGW64 ~/Desktop/GAP - Program/2. Data Science (master)
$ git add HW3.ipynb
fatal: pathspec 'HW3.ipynb' did not match any files

eadob@MSI MINGW64 ~/Desktop/GAP - Program/2. Data Science (master)
$ cd HWKs/HW3/

eadob@MSI MINGW64 ~/Desktop/GAP - Program/2. Data Science/HWKs/HW3 (master)
$ git add HW3.ipynb
warning: LF will be replaced by CRLF in HWKs/HW3/HW3.ipynb.
The file will have its original line endings in your working directory

eadob@MSI MINGW64 ~/Desktop/GAP - Program/2. Data Science/HWKs/HW3 (master)
$ git commit -m "New HW added"
[master be64d4f] New HW added
 1 file changed, 259 insertions(+)
 create mode 100644 HWKs/HW3/HW3.ipynb

eadob@MSI MINGW64 ~/Desktop/GAP - Program/2. Data Science/HWKs/HW3 (master)
$ git push origin master
Enumerating objects: 7, done.
Counting objects: 100% (7/7), done.
Delta compression using up to 12 threads
Compressing objects: 100% (4/4), done.
Writing objects: 100% (5/5), 1.82 KiB | 1.82 MiB/s, done.
Total 5 (delta 2), reused 0 (delta 0), pack-reused 0
remote: Resolving deltas: 100% (2/2), completed with 2 local objects.
To https://github.com/eadadzie/Tech_Talent_South-Data_Science.git
   6c18faf..be64d4f  master -> master

eadob@MSI MINGW64 ~/Desktop/GAP - Program/2. Data Science/HWKs/HW3 (master)
$ cd ../../MODULE_3-Python_Control_Flow/

eadob@MSI MINGW64 ~/Desktop/GAP - Program/2. Data Science/MODULE_3-Python_Control_Flow (master)
$ rm SettingUP_Github_Repo_from_Bash.txt

eadob@MSI MINGW64 ~/Desktop/GAP - Program/2. Data Science/MODULE_3-Python_Control_Flow (master)
$ git add Module_3_Notes.ipynb
warning: LF will be replaced by CRLF in MODULE_3-Python_Control_Flow/Module_3_Notes.ipynb.
The file will have its original line endings in your working directory

eadob@MSI MINGW64 ~/Desktop/GAP - Program/2. Data Science/MODULE_3-Python_Control_Flow (master)
$ git commit -m "Added new Notes"
[master 18f55b7] Added new Notes
 1 file changed, 615 insertions(+)
 create mode 100644 MODULE_3-Python_Control_Flow/Module_3_Notes.ipynb

eadob@MSI MINGW64 ~/Desktop/GAP - Program/2. Data Science/MODULE_3-Python_Control_Flow (master)
$ git push origin master
Enumerating objects: 6, done.
Counting objects: 100% (6/6), done.
Delta compression using up to 12 threads
Compressing objects: 100% (4/4), done.
Writing objects: 100% (4/4), 4.00 KiB | 4.00 MiB/s, done.
Total 4 (delta 1), reused 0 (delta 0), pack-reused 0
remote: Resolving deltas: 100% (1/1), completed with 1 local object.
To https://github.com/eadadzie/Tech_Talent_South-Data_Science.git
   be64d4f..18f55b7  master -> master

eadob@MSI MINGW64 ~/Desktop/GAP - Program/2. Data Science/MODULE_3-Python_Control_Flow (master)
$ git rm SettingUP_Github_Repo_from_Bash.txt
error: the following file has local modifications:
    MODULE_3-Python_Control_Flow/SettingUP_Github_Repo_from_Bash.txt
(use --cached to keep the file, or -f to force removal)

eadob@MSI MINGW64 ~/Desktop/GAP - Program/2. Data Science/MODULE_3-Python_Control_Flow (master)
$ git rm -f SettingUP_Github_Repo_from_Bash.txt
rm 'MODULE_3-Python_Control_Flow/SettingUP_Github_Repo_from_Bash.txt'

eadob@MSI MINGW64 ~/Desktop/GAP - Program/2. Data Science/MODULE_3-Python_Control_Flow (master)
$ git commit "File removed"
error: pathspec 'File removed' did not match any file(s) known to git

eadob@MSI MINGW64 ~/Desktop/GAP - Program/2. Data Science/MODULE_3-Python_Control_Flow (master)
$ git commit -m "File removed"
[master bc1e841] File removed
 1 file changed, 125 deletions(-)
 delete mode 100644 MODULE_3-Python_Control_Flow/SettingUP_Github_Repo_from_Bash.txt

eadob@MSI MINGW64 ~/Desktop/GAP - Program/2. Data Science/MODULE_3-Python_Control_Flow (master)
$ git push origin master
Enumerating objects: 5, done.
Counting objects: 100% (5/5), done.
Delta compression using up to 12 threads
Compressing objects: 100% (2/2), done.
Writing objects: 100% (3/3), 306 bytes | 306.00 KiB/s, done.
Total 3 (delta 1), reused 0 (delta 0), pack-reused 0
remote: Resolving deltas: 100% (1/1), completed with 1 local object.
To https://github.com/eadadzie/Tech_Talent_South-Data_Science.git
   18f55b7..bc1e841  master -> master

eadob@MSI MINGW64 ~/Desktop/GAP - Program/2. Data Science/MODULE_3-Python_Control_Flow (master)
$

###### Copy file from pne directory to another ######

eadob@MSI MINGW64 ~/Desktop/GAP - Program/2. Data Science/MODULE_3-Python_Control_Flow (master)
$ cp -r /c/Users/eadob/Desktop/"GAP - Program"/SettingUP_Github_Repo_from_Bash.txt /c/Users/eadob/Desktop/"GAP - Program"/"2. Data Science"



####### Adding Changes in a file to GitHub Repo ##########

eadob@MSI MINGW64 ~/Desktop/GAP - Program/2. Data Science (master)
$ git status
On branch master
Your branch is up to date with 'origin/master'.

Changes not staged for commit:
  (use "git add <file>..." to update what will be committed)
  (use "git restore <file>..." to discard changes in working directory)
        modified:   HWKs/HW2/.ipynb_checkpoints/HW2_Solution-checkpoint.ipynb
        modified:   HWKs/HW2/HW2_Solution.ipynb
        modified:   Path_Origin_Master.txt

Untracked files:
  (use "git add <file>..." to include in what will be committed)
        ASSESSMENTS/
        Classes Links.docx
        HWKs/HW3/.ipynb_checkpoints/
        MODULE_3-Python_Control_Flow/.ipynb_checkpoints/

no changes added to commit (use "git add" and/or "git commit -a")

eadob@MSI MINGW64 ~/Desktop/GAP - Program/2. Data Science (master)
$ git add Path_Origin_Master.txt

eadob@MSI MINGW64 ~/Desktop/GAP - Program/2. Data Science (master)
$ git status
On branch master
Your branch is up to date with 'origin/master'.

Changes to be committed:
  (use "git restore --staged <file>..." to unstage)
        modified:   Path_Origin_Master.txt

Changes not staged for commit:
  (use "git add <file>..." to update what will be committed)
  (use "git restore <file>..." to discard changes in working directory)
        modified:   HWKs/HW2/.ipynb_checkpoints/HW2_Solution-checkpoint.ipynb
        modified:   HWKs/HW2/HW2_Solution.ipynb

Untracked files:
  (use "git add <file>..." to include in what will be committed)
        ASSESSMENTS/
        Classes Links.docx
        HWKs/HW3/.ipynb_checkpoints/
        MODULE_3-Python_Control_Flow/.ipynb_checkpoints/